// Vitest Snapshot v1, https://vitest.dev/guide/snapshot.html

exports[`WeatherDisplay snapshot test > matches snapshot 1`] = `
<DocumentFragment>
  <div
    class="max-w-md mx-auto p-6 rounded-2xl shadow-lg bg-white dark:bg-[#1c1f23] text-gray-800 dark:text-gray-100 space-y-4"
  >
    <h2
      class="text-3xl font-bold"
    >
      Tashkent
    </h2>
    <p
      class="text-lg capitalize text-gray-600 dark:text-gray-300"
    >
      clear sky
    </p>
    <div
      class="flex justify-center"
    >
      <img
        alt="Tashkent"
        class="w-24 h-24"
        src="https://openweathermap.org/img/wn/01d@2x.png"
      />
    </div>
    <div
      class="grid grid-cols-1 sm:grid-cols-3 gap-4 text-sm text-center"
    >
      <div
        class="bg-gray-100 dark:bg-[#2a2e33] rounded-xl p-4"
      >
        <p
          class="font-medium text-lg"
        >
          28Â°C
        </p>
        <p
          class="text-gray-500 dark:text-gray-400"
        >
          Temperature
        </p>
      </div>
      <div
        class="bg-gray-100 dark:bg-[#2a2e33] rounded-xl p-4"
      >
        <p
          class="font-medium text-lg"
        >
          %
        </p>
        <p
          class="text-gray-500 dark:text-gray-400"
        >
          Humidity
        </p>
      </div>
      <div
        class="bg-gray-100 dark:bg-[#2a2e33] rounded-xl p-4"
      >
        <p
          class="font-medium text-lg"
        >
          4.5 m/s
        </p>
        <p
          class="text-gray-500 dark:text-gray-400"
        >
          Wind
        </p>
      </div>
    </div>
  </div>
</DocumentFragment>
`;
